
	disabled services = {
		"com.apple.AppleFileServer" => enabled
		"com.f-secure.orspclient" => enabled
		"com.f-secure.fsvpn-service-helper.production" => enabled
		"com.f-secure.fsvpn-service.production" => enabled
		"com.f-secure.fscreputationd" => disabled
		"com.adobe.ARMDC.Communicator" => enabled
		"com.apple.CSCSupportd" => disabled
		"com.apple.ftpd" => disabled
		"com.apple.mdmclient.daemon.runatboot" => disabled
		"com.f-secure.xfencedaemon" => enabled
		"com.f-secure.fsmac.fsupdated_guts2" => enabled
		"com.f-secure.fsctelemetryd" => enabled
		"com.f-secure.fscxfenced" => disabled
		"com.f-secure.fscesproviderd" => disabled
		"com.microsoft.fresno" => enabled
		"com.google.keystone.daemon" => enabled
		"com.f-secure.sensord" => disabled
		"_om.f-secure.XFENCEDaemon" => enabled
		"com.f-secure.fscsafeadmind" => enabled
		"com.f-secure.fsmac.licensetool" => enabled
		"com.f-secure.freedome.uninstall" => enabled
		"Adobe_Genuine_Software_Integrity_Service" => enabled
		"com.apple.smbd" => disabled
		"com.f-secure.XFENCEDaemon" => enabled
		"com.apple.bootpd" => disabled
		"com.f-secure.fscsafesettingsd" => enabled
		"com.f-secure.fsavd.dbhelper" => enabled
		"com.f-secure.ultralight.fscsmd" => enabled
		"com.f-secure.fsavd" => disabled
		"de.appsolute.mampprohelper" => enabled
		"org.ntp.ntpd" => enabled
		"com.f-secure.rdrd" => disabled
		"com.f-secure.fsvpn-upstream.production" => enabled
		"com.microsoft.dlp.install_monitor" => enabled
		"com.adobe.ARMDC.SMJobBlessHelper" => enabled
		"com.f-secure.fsmac.guts2downloader" => enabled
		"com.citrix.ctxusbd" => enabled
		"com.f-secure.ultralight.fsculcored" => enabled
		"com.microsoft.fresno.uninstall" => enabled
		"com.adobe.acc.installer.v2" => enabled
		"com.apple.ftp-proxy" => enabled
		"com.microsoft.autoupdate.helper" => enabled
	}
