Routing tables

Internet:
Destination        Gateway            Flags               Netif Expire
default            192.168.87.1       UGScg                 en0       
127                127.0.0.1          UCS                   lo0       
127.0.0.1          127.0.0.1          UH                    lo0       
169.254            link#6             UCS                   en0      !
192.168.87         link#6             UCS                   en0      !
192.168.87.1/32    link#6             UCS                   en0      !
192.168.87.1       a4:83:e7:01:01:01  UHLWIir               en0   1184
192.168.87.21      02:00:00:02:02:02  UHLWI                 en0    965
192.168.87.22      a4:83:e7:03:03:03  UHLWIi                en0   1163
192.168.87.30      02:00:00:04:04:04  UHLWIi                en0   1139
192.168.87.31      02:00:00:05:05:05  UHLWI                 en0    853
192.168.87.249/32  link#6             UCS                   en0      !
192.168.87.249     02:00:00:06:06:06  UHLWI                 lo0       
192.168.87.250     02:00:00:07:07:07  UHLWI                 en0      !
224.0.0/4          link#6             UmCS                  en0      !
224.0.0.251        1:0:5e:0:0:fb      UHmLWI                en0       
239.255.255.250    1:0:5e:7f:ff:fa    UHmLWI                en0       
255.255.255.255/32 link#6             UCS                   en0      !

Internet6:
Destination                             Gateway                                 Flags               Netif Expire
default                                 fe80::%utun0                            UGcIg               utun0       
default                                 fe80::%utun1                            UGcIg               utun1       
default                                 fe80::%utun2                            UGcIg               utun2       
default                                 fe80::%utun3                            UGcIg               utun3       
default                                 fe80::%utun4                            UGcIg               utun4       
default                                 fe80::%utun5                            UGcIg               utun5       
::1                                     ::1                                     UHL                   lo0       
2001:db8:17::/64                     fe80::12%en0            UGc                   en0       
2001:db8:14::/64                link#6                                  UC                    en0       
2001:db8::4   02:00:00:05:05:05                       UHLWI                 en0       
2001:db8::3  02:00:00:06:06:06                       UHL                   lo0       
2001:db8::2  a4:83:e7:03:03:03                       UHLWI                 en0       
2001:db8::1 02:00:00:07:07:07                       UHLWIi                en0       
fe80::%lo0/64                           fe80::1%lo0                             UcI                   lo0       
fe80::1%lo0                             link#1                                  UHLI                  lo0       
fe80::%en5/64                           link#4                                  UCI                   en5       
fe80::aede:48ff:fe00:1122%en5           ac:de:48:0:11:22                        UHLI                  lo0       
fe80::aede:48ff:fe33:4455%en5           ac:de:48:33:44:55                       UHLWIi                en5       
fe80::%ap1/64                           link#5                                  UCI                   ap1       
fe80::c%ap1           02:00:00:08:08:08                       UHLI                  lo0       
fe80::%en0/64                           link#6                                  UCI                   en0       
fe80::13%en0             a4:83:e7:03:03:03                       UHLWI                 en0       
fe80::10%en0            02:00:00:07:07:07                       UHLWI                 en0       
fe80::f%en0            02:00:00:06:06:06                       UHLI                  lo0       
fe80::e%en0            02:00:00:04:04:04                       UHLWIi                en0       
fe80::11%en0            02:00:00:05:05:05                       UHLWIi                en0       
fe80::12%en0            a4:83:e7:09:09:09                       UHLWIi                en0       
fe80::8%awdl0         02:00:00:0a:0a:0a                       UHLI                  lo0       
fe80::b%llw0          02:00:00:0a:0a:0a                       UHLI                  lo0       
fe80::%utun0/64                         fe80::6%utun0         UcI                 utun0       
fe80::6%utun0         link#14                                 UHLI                  lo0       
fe80::%utun1/64                         fe80::9%utun1         UcI                 utun1       
fe80::9%utun1         link#15                                 UHLI                  lo0       
fe80::%utun2/64                         fe80::7%utun2         UcI                 utun2       
fe80::7%utun2         link#16                                 UHLI                  lo0       
fe80::%utun3/64                         fe80::d%utun3           UcI                 utun3       
fe80::d%utun3           link#17                                 UHLI                  lo0       
fe80::%utun4/64                         fe80::5%utun4         UcI                 utun4       
fe80::5%utun4         link#18                                 UHLI                  lo0       
fe80::%utun5/64                         fe80::a%utun5         UcI                 utun5       
fe80::a%utun5         link#19                                 UHLI                  lo0       
ff00::/8                                ::1                                     UmCI                  lo0       
ff00::/8                                link#4                                  UmCI                  en5       
ff00::/8                                link#5                                  UmCI                  ap1       
ff00::/8                                link#6                                  UmCI                  en0       
ff00::/8                                link#7                                  UmCI                awdl0       
ff00::/8                                link#8                                  UmCI                 llw0       
ff00::/8                                fe80::6%utun0         UmCI                utun0       
ff00::/8                                fe80::9%utun1         UmCI                utun1       
ff00::/8                                fe80::7%utun2         UmCI                utun2       
ff00::/8                                fe80::d%utun3           UmCI                utun3       
ff00::/8                                fe80::5%utun4         UmCI                utun4       
ff00::/8                                fe80::a%utun5         UmCI                utun5       
ff01::%lo0/32                           ::1                                     UmCI                  lo0       
ff01::%en5/32                           link#4                                  UmCI                  en5       
ff01::%ap1/32                           link#5                                  UmCI                  ap1       
ff01::%en0/32                           link#6                                  UmCI                  en0       
ff01::%utun0/32                         fe80::6%utun0         UmCI                utun0       
ff01::%utun1/32                         fe80::9%utun1         UmCI                utun1       
ff01::%utun2/32                         fe80::7%utun2         UmCI                utun2       
ff01::%utun3/32                         fe80::d%utun3           UmCI                utun3       
ff01::%utun4/32                         fe80::5%utun4         UmCI                utun4       
ff01::%utun5/32                         fe80::a%utun5         UmCI                utun5       
ff02::%lo0/32                           ::1                                     UmCI                  lo0       
ff02::%en5/32                           link#4                                  UmCI                  en5       
ff02::%ap1/32                           link#5                                  UmCI                  ap1       
ff02::%en0/32                           link#6                                  UmCI                  en0       
ff02::%utun0/32                         fe80::6%utun0         UmCI                utun0       
ff02::%utun1/32                         fe80::9%utun1         UmCI                utun1       
ff02::%utun2/32                         fe80::7%utun2         UmCI                utun2       
ff02::%utun3/32                         fe80::d%utun3           UmCI                utun3       
ff02::%utun4/32                         fe80::5%utun4         UmCI                utun4       
ff02::%utun5/32                         fe80::a%utun5         UmCI                utun5       
